// Jest Snapshot v1, https://goo.gl/fbAQLP

exports[`Author renders correctly 1`] = `
<p>
  <b>
     
    All rights reserved.
     
  </b>
  <br />
  Feel free to reach me via 
  <a
    href="/email.svg"
    target="_blank"
  >
    email
  </a>
   or 
  <a
    href="https://www.linkedin.com/in/calvinqi"
    target="_blank"
  >
    LinkedIn
  </a>
   :D
</p>
`;
