// Jest Snapshot v1, https://goo.gl/fbAQLP

exports[`Author renders correctly 1`] = `
<div>
  <p>
    NLP @ 
    <a
      href="https://glean.com/"
      target="_blank"
    >
      Glean
    </a>
    . Previously ML @ 
    <a
      href="https://sambanova.ai/"
      target="_blank"
    >
      Sambanova
    </a>
    , Math + CS @ 
    <a
      href="https://stanford.edu/"
      target="_blank"
    >
      Stanford
    </a>
  </p>
</div>
`;
